Started UTC: 20261004T162536Z
Mode: memory
Context: sprint8-check
NAME            STATUS   ROLES           AGE   VERSION   INTERNAL-IP    EXTERNAL-IP   OS-IMAGE            KERNEL-VERSION   CONTAINER-RUNTIME
sprint8-check   Ready    control-plane   12m   v1.35.1   192.168.64.3   <none>        Buildroot 2025.02   6.6.95           docker://28.5.2
deployment.apps/scaletestapp scaled
deployment.apps/scaletestapp restarted
Waiting for deployment "scaletestapp" rollout to finish: 1 old replicas are pending termination...
Waiting for deployment "scaletestapp" rollout to finish: 1 old replicas are pending termination...
Waiting for deployment "scaletestapp" rollout to finish: 1 old replicas are pending termination...
deployment "scaletestapp" successfully rolled out
apiVersion: apps/v1
kind: Deployment
metadata:
  annotations:
    deployment.kubernetes.io/revision: "5"
    kubectl.kubernetes.io/last-applied-configuration: |
      {"apiVersion":"apps/v1","kind":"Deployment","metadata":{"annotations":{},"labels":{"app":"scaletestapp"},"name":"scaletestapp","namespace":"sprint8"},"spec":{"replicas":1,"selector":{"matchLabels":{"app":"scaletestapp"}},"template":{"metadata":{"labels":{"app":"scaletestapp"}},"spec":{"containers":[{"image":"ghcr.io/yandex-practicum/scaletestapp@sha256:7273dd1ffd1c1a29a307eb299b949f71828952b90dee42a5b26b052e92793452","imagePullPolicy":"IfNotPresent","livenessProbe":{"initialDelaySeconds":10,"periodSeconds":10,"tcpSocket":{"port":"http"}},"name":"scaletestapp","ports":[{"containerPort":8080,"name":"http"}],"readinessProbe":{"initialDelaySeconds":3,"periodSeconds":5,"tcpSocket":{"port":"http"}},"resources":{"limits":{"cpu":"500m","memory":"30Mi"},"requests":{"cpu":"50m","memory":"16Mi"}}}]}}}}
  creationTimestamp: "2026-10-04T16:14:01Z"
  generation: 6
  labels:
    app: scaletestapp
  name: scaletestapp
  namespace: sprint8
  resourceVersion: "1799"
  uid: d018b11f-c68b-4756-bcea-129f7d2cc43c
spec:
  progressDeadlineSeconds: 600
  replicas: 1
  revisionHistoryLimit: 10
  selector:
    matchLabels:
      app: scaletestapp
  strategy:
    rollingUpdate:
      maxSurge: 25%
      maxUnavailable: 25%
    type: RollingUpdate
  template:
    metadata:
      annotations:
        kubectl.kubernetes.io/restartedAt: "2026-10-04T19:25:37+03:00"
      labels:
        app: scaletestapp
    spec:
      containers:
      - image: ghcr.io/yandex-practicum/scaletestapp@sha256:7273dd1ffd1c1a29a307eb299b949f71828952b90dee42a5b26b052e92793452
        imagePullPolicy: IfNotPresent
        livenessProbe:
          failureThreshold: 3
          initialDelaySeconds: 10
          periodSeconds: 10
          successThreshold: 1
          tcpSocket:
            port: http
          timeoutSeconds: 1
        name: scaletestapp
        ports:
        - containerPort: 8080
          name: http
          protocol: TCP
        readinessProbe:
          failureThreshold: 3
          initialDelaySeconds: 3
          periodSeconds: 5
          successThreshold: 1
          tcpSocket:
            port: http
          timeoutSeconds: 1
        resources:
          limits:
            cpu: 500m
            memory: 30Mi
          requests:
            cpu: 50m
            memory: 16Mi
        terminationMessagePath: /dev/termination-log
        terminationMessagePolicy: File
      dnsPolicy: ClusterFirst
      restartPolicy: Always
      schedulerName: default-scheduler
      securityContext: {}
      terminationGracePeriodSeconds: 30
status:
  availableReplicas: 1
  conditions:
  - lastTransitionTime: "2026-10-04T16:25:28Z"
    lastUpdateTime: "2026-10-04T16:25:28Z"
    message: Deployment has minimum availability.
    reason: MinimumReplicasAvailable
    status: "True"
    type: Available
  - lastTransitionTime: "2026-10-04T16:14:01Z"
    lastUpdateTime: "2026-10-04T16:25:44Z"
    message: ReplicaSet "scaletestapp-6b6449d794" has successfully progressed.
    reason: NewReplicaSetAvailable
    status: "True"
    type: Progressing
  observedGeneration: 6
  readyReplicas: 1
  replicas: 1
  terminatingReplicas: 1
  updatedReplicas: 1
NAME                            READY   STATUS        RESTARTS   AGE     IP            NODE            NOMINATED NODE   READINESS GATES
scaletestapp-6b6449d794-l7fh7   1/1     Running       0          7s      10.244.0.19   sprint8-check   <none>           <none>
scaletestapp-7d9fdcfcb7-dzh8r   1/1     Terminating   0          2m46s   10.244.0.11   sprint8-check   <none>           <none>
NAME                            CPU(cores)   MEMORY(bytes)   
scaletestapp-6b6449d794-l7fh7   4m           12Mi            
horizontalpodautoscaler.autoscaling/scaletestapp-memory created
job.batch/scaletestapp-load created
pod/scaletestapp-load-s9nmg condition met
2026-10-04T16:26:17Z
NAME                  REFERENCE                 TARGETS                 MINPODS   MAXPODS   REPLICAS   AGE
scaletestapp-memory   Deployment/scaletestapp   memory: <unknown>/80%   1         10        0          3s
NAME           READY   UP-TO-DATE   AVAILABLE   AGE
scaletestapp   1/1     1            1           12m
NAME                            CPU(cores)   MEMORY(bytes)   
scaletestapp-6b6449d794-l7fh7   4m           12Mi            
2026-10-04T16:26:27Z
NAME                  REFERENCE                 TARGETS                 MINPODS   MAXPODS   REPLICAS   AGE
scaletestapp-memory   Deployment/scaletestapp   memory: <unknown>/80%   1         10        0          13s
NAME           READY   UP-TO-DATE   AVAILABLE   AGE
scaletestapp   1/1     1            1           12m
NAME                            CPU(cores)   MEMORY(bytes)   
scaletestapp-6b6449d794-l7fh7   4m           12Mi            
2026-10-04T16:26:38Z
NAME                  REFERENCE                 TARGETS           MINPODS   MAXPODS   REPLICAS   AGE
scaletestapp-memory   Deployment/scaletestapp   memory: 80%/80%   1         10        1          24s
NAME           READY   UP-TO-DATE   AVAILABLE   AGE
scaletestapp   1/1     1            1           12m
NAME                            CPU(cores)   MEMORY(bytes)   
scaletestapp-6b6449d794-l7fh7   4m           12Mi            
2026-10-04T16:26:48Z
NAME                  REFERENCE                 TARGETS           MINPODS   MAXPODS   REPLICAS   AGE
scaletestapp-memory   Deployment/scaletestapp   memory: 80%/80%   1         10        1          34s
NAME           READY   UP-TO-DATE   AVAILABLE   AGE
scaletestapp   1/1     1            1           12m
NAME                            CPU(cores)   MEMORY(bytes)   
scaletestapp-6b6449d794-l7fh7   4m           12Mi            
2026-10-04T16:26:58Z
NAME                  REFERENCE                 TARGETS           MINPODS   MAXPODS   REPLICAS   AGE
scaletestapp-memory   Deployment/scaletestapp   memory: 80%/80%   1         10        1          44s
NAME           READY   UP-TO-DATE   AVAILABLE   AGE
scaletestapp   1/1     1            1           12m
NAME                            CPU(cores)   MEMORY(bytes)   
scaletestapp-6b6449d794-l7fh7   4m           12Mi            
2026-10-04T16:27:08Z
NAME                  REFERENCE                 TARGETS           MINPODS   MAXPODS   REPLICAS   AGE
scaletestapp-memory   Deployment/scaletestapp   memory: 80%/80%   1         10        1          54s
NAME           READY   UP-TO-DATE   AVAILABLE   AGE
scaletestapp   1/1     1            1           13m
NAME                            CPU(cores)   MEMORY(bytes)   
scaletestapp-6b6449d794-l7fh7   4m           12Mi            
2026-10-04T16:27:18Z
NAME                  REFERENCE                 TARGETS            MINPODS   MAXPODS   REPLICAS   AGE
scaletestapp-memory   Deployment/scaletestapp   memory: 114%/80%   1         10        1          64s
NAME           READY   UP-TO-DATE   AVAILABLE   AGE
scaletestapp   2/2     2            2           13m
NAME                            CPU(cores)   MEMORY(bytes)   
scaletestapp-6b6449d794-l7fh7   32m          18Mi            
2026-10-04T16:27:28Z
NAME                  REFERENCE                 TARGETS            MINPODS   MAXPODS   REPLICAS   AGE
scaletestapp-memory   Deployment/scaletestapp   memory: 114%/80%   1         10        1          75s
NAME           READY   UP-TO-DATE   AVAILABLE   AGE
scaletestapp   2/2     2            2           13m
NAME                            CPU(cores)   MEMORY(bytes)   
scaletestapp-6b6449d794-l7fh7   32m          18Mi            
2026-10-04T16:27:39Z
NAME                  REFERENCE                 TARGETS            MINPODS   MAXPODS   REPLICAS   AGE
scaletestapp-memory   Deployment/scaletestapp   memory: 114%/80%   1         10        2          85s
NAME           READY   UP-TO-DATE   AVAILABLE   AGE
scaletestapp   2/2     2            2           13m
NAME                            CPU(cores)   MEMORY(bytes)   
scaletestapp-6b6449d794-l7fh7   32m          18Mi            
2026-10-04T16:27:49Z
NAME                  REFERENCE                 TARGETS            MINPODS   MAXPODS   REPLICAS   AGE
scaletestapp-memory   Deployment/scaletestapp   memory: 114%/80%   1         10        2          95s
NAME           READY   UP-TO-DATE   AVAILABLE   AGE
scaletestapp   2/2     2            2           13m
NAME                            CPU(cores)   MEMORY(bytes)   
scaletestapp-6b6449d794-l7fh7   32m          18Mi            
2026-10-04T16:27:59Z
NAME                  REFERENCE                 TARGETS            MINPODS   MAXPODS   REPLICAS   AGE
scaletestapp-memory   Deployment/scaletestapp   memory: 114%/80%   1         10        2          105s
NAME           READY   UP-TO-DATE   AVAILABLE   AGE
scaletestapp   2/2     2            2           13m
NAME                            CPU(cores)   MEMORY(bytes)   
scaletestapp-6b6449d794-l7fh7   32m          18Mi            
2026-10-04T16:28:09Z
NAME                  REFERENCE                 TARGETS            MINPODS   MAXPODS   REPLICAS   AGE
scaletestapp-memory   Deployment/scaletestapp   memory: 114%/80%   1         10        2          115s
NAME           READY   UP-TO-DATE   AVAILABLE   AGE
scaletestapp   2/2     2            2           14m
NAME                            CPU(cores)   MEMORY(bytes)   
scaletestapp-6b6449d794-l7fh7   32m          18Mi            
2026-10-04T16:28:19Z
NAME                  REFERENCE                 TARGETS            MINPODS   MAXPODS   REPLICAS   AGE
scaletestapp-memory   Deployment/scaletestapp   memory: 109%/80%   1         10        2          2m5s
NAME           READY   UP-TO-DATE   AVAILABLE   AGE
scaletestapp   2/3     3            2           14m
NAME                            CPU(cores)   MEMORY(bytes)   
scaletestapp-6b6449d794-4tg9b   25m          17Mi            
scaletestapp-6b6449d794-l7fh7   26m          17Mi            
2026-10-04T16:28:30Z
NAME                  REFERENCE                 TARGETS            MINPODS   MAXPODS   REPLICAS   AGE
scaletestapp-memory   Deployment/scaletestapp   memory: 109%/80%   1         10        3          2m16s
NAME           READY   UP-TO-DATE   AVAILABLE   AGE
scaletestapp   3/3     3            3           14m
NAME                            CPU(cores)   MEMORY(bytes)   
scaletestapp-6b6449d794-4tg9b   25m          17Mi            
scaletestapp-6b6449d794-l7fh7   26m          17Mi            
2026-10-04T16:28:40Z
NAME                  REFERENCE                 TARGETS            MINPODS   MAXPODS   REPLICAS   AGE
scaletestapp-memory   Deployment/scaletestapp   memory: 109%/80%   1         10        3          2m26s
NAME           READY   UP-TO-DATE   AVAILABLE   AGE
scaletestapp   3/3     3            3           14m
NAME                            CPU(cores)   MEMORY(bytes)   
scaletestapp-6b6449d794-4tg9b   25m          17Mi            
scaletestapp-6b6449d794-l7fh7   26m          17Mi            
2026-10-04T16:28:50Z
NAME                  REFERENCE                 TARGETS            MINPODS   MAXPODS   REPLICAS   AGE
scaletestapp-memory   Deployment/scaletestapp   memory: 109%/80%   1         10        3          2m36s
NAME           READY   UP-TO-DATE   AVAILABLE   AGE
scaletestapp   3/3     3            3           14m
NAME                            CPU(cores)   MEMORY(bytes)   
scaletestapp-6b6449d794-4tg9b   25m          17Mi            
scaletestapp-6b6449d794-l7fh7   26m          17Mi            
2026-10-04T16:29:00Z
NAME                  REFERENCE                 TARGETS            MINPODS   MAXPODS   REPLICAS   AGE
scaletestapp-memory   Deployment/scaletestapp   memory: 109%/80%   1         10        3          2m46s
NAME           READY   UP-TO-DATE   AVAILABLE   AGE
scaletestapp   3/3     3            3           14m
NAME                            CPU(cores)   MEMORY(bytes)   
scaletestapp-6b6449d794-4tg9b   25m          17Mi            
scaletestapp-6b6449d794-l7fh7   26m          17Mi            
2026-10-04T16:29:10Z
NAME                  REFERENCE                 TARGETS            MINPODS   MAXPODS   REPLICAS   AGE
scaletestapp-memory   Deployment/scaletestapp   memory: 109%/80%   1         10        3          2m57s
NAME           READY   UP-TO-DATE   AVAILABLE   AGE
scaletestapp   3/3     3            3           15m
NAME                            CPU(cores)   MEMORY(bytes)   
scaletestapp-6b6449d794-4tg9b   25m          17Mi            
scaletestapp-6b6449d794-l7fh7   26m          17Mi            
2026-10-04T16:29:21Z
NAME                  REFERENCE                 TARGETS            MINPODS   MAXPODS   REPLICAS   AGE
scaletestapp-memory   Deployment/scaletestapp   memory: 107%/80%   1         10        3          3m7s
NAME           READY   UP-TO-DATE   AVAILABLE   AGE
scaletestapp   3/5     5            3           15m
NAME                            CPU(cores)   MEMORY(bytes)   
scaletestapp-6b6449d794-4tg9b   21m          17Mi            
scaletestapp-6b6449d794-7xmwd   20m          17Mi            
scaletestapp-6b6449d794-l7fh7   21m          17Mi            
2026-10-04T16:29:31Z
NAME                  REFERENCE                 TARGETS            MINPODS   MAXPODS   REPLICAS   AGE
scaletestapp-memory   Deployment/scaletestapp   memory: 107%/80%   1         10        5          3m17s
NAME           READY   UP-TO-DATE   AVAILABLE   AGE
scaletestapp   5/5     5            5           15m
NAME                            CPU(cores)   MEMORY(bytes)   
scaletestapp-6b6449d794-4tg9b   21m          17Mi            
scaletestapp-6b6449d794-7xmwd   20m          17Mi            
scaletestapp-6b6449d794-l7fh7   21m          17Mi            
2026-10-04T16:29:41Z
NAME                  REFERENCE                 TARGETS            MINPODS   MAXPODS   REPLICAS   AGE
scaletestapp-memory   Deployment/scaletestapp   memory: 107%/80%   1         10        5          3m27s
NAME           READY   UP-TO-DATE   AVAILABLE   AGE
scaletestapp   5/5     5            5           15m
NAME                            CPU(cores)   MEMORY(bytes)   
scaletestapp-6b6449d794-4tg9b   21m          17Mi            
scaletestapp-6b6449d794-7xmwd   20m          17Mi            
scaletestapp-6b6449d794-l7fh7   21m          17Mi            
2026-10-04T16:29:51Z
NAME                  REFERENCE                 TARGETS            MINPODS   MAXPODS   REPLICAS   AGE
scaletestapp-memory   Deployment/scaletestapp   memory: 107%/80%   1         10        5          3m37s
NAME           READY   UP-TO-DATE   AVAILABLE   AGE
scaletestapp   5/5     5            5           15m
NAME                            CPU(cores)   MEMORY(bytes)   
scaletestapp-6b6449d794-4tg9b   21m          17Mi            
scaletestapp-6b6449d794-7xmwd   20m          17Mi            
scaletestapp-6b6449d794-l7fh7   21m          17Mi            
2026-10-04T16:30:01Z
NAME                  REFERENCE                 TARGETS            MINPODS   MAXPODS   REPLICAS   AGE
scaletestapp-memory   Deployment/scaletestapp   memory: 107%/80%   1         10        5          3m48s
NAME           READY   UP-TO-DATE   AVAILABLE   AGE
scaletestapp   5/5     5            5           16m
NAME                            CPU(cores)   MEMORY(bytes)   
scaletestapp-6b6449d794-4tg9b   21m          17Mi            
scaletestapp-6b6449d794-7xmwd   20m          17Mi            
scaletestapp-6b6449d794-l7fh7   21m          17Mi            
2026-10-04T16:30:12Z
NAME                  REFERENCE                 TARGETS            MINPODS   MAXPODS   REPLICAS   AGE
scaletestapp-memory   Deployment/scaletestapp   memory: 107%/80%   1         10        5          3m58s
NAME           READY   UP-TO-DATE   AVAILABLE   AGE
scaletestapp   5/5     5            5           16m
NAME                            CPU(cores)   MEMORY(bytes)   
scaletestapp-6b6449d794-4tg9b   16m          17Mi            
scaletestapp-6b6449d794-6wk47   15m          15Mi            
scaletestapp-6b6449d794-7xmwd   16m          16Mi            
scaletestapp-6b6449d794-l7fh7   16m          17Mi            
scaletestapp-6b6449d794-qlfrg   15m          16Mi            
2026-10-04T16:30:22Z
NAME                  REFERENCE                 TARGETS            MINPODS   MAXPODS   REPLICAS   AGE
scaletestapp-memory   Deployment/scaletestapp   memory: 103%/80%   1         10        5          4m8s
NAME           READY   UP-TO-DATE   AVAILABLE   AGE
scaletestapp   5/7     7            5           16m
NAME                            CPU(cores)   MEMORY(bytes)   
scaletestapp-6b6449d794-4tg9b   16m          17Mi            
scaletestapp-6b6449d794-6wk47   15m          15Mi            
scaletestapp-6b6449d794-7xmwd   16m          16Mi            
scaletestapp-6b6449d794-l7fh7   16m          17Mi            
scaletestapp-6b6449d794-qlfrg   15m          16Mi            
2026-10-04T16:30:32Z
NAME                  REFERENCE                 TARGETS            MINPODS   MAXPODS   REPLICAS   AGE
scaletestapp-memory   Deployment/scaletestapp   memory: 103%/80%   1         10        7          4m18s
NAME           READY   UP-TO-DATE   AVAILABLE   AGE
scaletestapp   7/7     7            7           16m
NAME                            CPU(cores)   MEMORY(bytes)   
scaletestapp-6b6449d794-4tg9b   16m          17Mi            
scaletestapp-6b6449d794-6wk47   15m          15Mi            
scaletestapp-6b6449d794-7xmwd   16m          16Mi            
scaletestapp-6b6449d794-l7fh7   16m          17Mi            
scaletestapp-6b6449d794-qlfrg   15m          16Mi            
2026-10-04T16:30:42Z
NAME                  REFERENCE                 TARGETS            MINPODS   MAXPODS   REPLICAS   AGE
scaletestapp-memory   Deployment/scaletestapp   memory: 103%/80%   1         10        7          4m28s
NAME           READY   UP-TO-DATE   AVAILABLE   AGE
scaletestapp   7/7     7            7           16m
NAME                            CPU(cores)   MEMORY(bytes)   
scaletestapp-6b6449d794-4tg9b   16m          17Mi            
scaletestapp-6b6449d794-6wk47   15m          15Mi            
scaletestapp-6b6449d794-7xmwd   16m          16Mi            
scaletestapp-6b6449d794-l7fh7   16m          17Mi            
scaletestapp-6b6449d794-qlfrg   15m          16Mi            
2026-10-04T16:30:53Z
NAME                  REFERENCE                 TARGETS            MINPODS   MAXPODS   REPLICAS   AGE
scaletestapp-memory   Deployment/scaletestapp   memory: 103%/80%   1         10        7          4m39s
NAME           READY   UP-TO-DATE   AVAILABLE   AGE
scaletestapp   7/7     7            7           16m
NAME                            CPU(cores)   MEMORY(bytes)   
scaletestapp-6b6449d794-4tg9b   16m          17Mi            
scaletestapp-6b6449d794-6wk47   15m          15Mi            
scaletestapp-6b6449d794-7xmwd   16m          16Mi            
scaletestapp-6b6449d794-l7fh7   16m          17Mi            
scaletestapp-6b6449d794-qlfrg   15m          16Mi            
2026-10-04T16:31:03Z
NAME                  REFERENCE                 TARGETS            MINPODS   MAXPODS   REPLICAS   AGE
scaletestapp-memory   Deployment/scaletestapp   memory: 103%/80%   1         10        7          4m49s
NAME           READY   UP-TO-DATE   AVAILABLE   AGE
scaletestapp   7/7     7            7           17m
NAME                            CPU(cores)   MEMORY(bytes)   
scaletestapp-6b6449d794-4tg9b   16m          17Mi            
scaletestapp-6b6449d794-6wk47   15m          15Mi            
scaletestapp-6b6449d794-7xmwd   16m          16Mi            
scaletestapp-6b6449d794-l7fh7   16m          17Mi            
scaletestapp-6b6449d794-qlfrg   15m          16Mi            
2026-10-04T16:31:13Z
NAME                  REFERENCE                 TARGETS            MINPODS   MAXPODS   REPLICAS   AGE
scaletestapp-memory   Deployment/scaletestapp   memory: 103%/80%   1         10        7          4m59s
NAME           READY   UP-TO-DATE   AVAILABLE   AGE
scaletestapp   7/7     7            7           17m
NAME                            CPU(cores)   MEMORY(bytes)   
scaletestapp-6b6449d794-4tg9b   11m          17Mi            
scaletestapp-6b6449d794-6wk47   11m          16Mi            
scaletestapp-6b6449d794-7xmwd   11m          16Mi            
scaletestapp-6b6449d794-jg5x5   11m          18Mi            
scaletestapp-6b6449d794-l7fh7   11m          17Mi            
scaletestapp-6b6449d794-qlfrg   11m          17Mi            
scaletestapp-6b6449d794-x644f   11m          15Mi            
2026-10-04T16:31:23Z
NAME                  REFERENCE                 TARGETS            MINPODS   MAXPODS   REPLICAS   AGE
scaletestapp-memory   Deployment/scaletestapp   memory: 106%/80%   1         10        7          5m9s
NAME           READY   UP-TO-DATE   AVAILABLE   AGE
scaletestapp   10/10   10           10          17m
NAME                            CPU(cores)   MEMORY(bytes)   
scaletestapp-6b6449d794-4tg9b   11m          17Mi            
scaletestapp-6b6449d794-6wk47   11m          16Mi            
scaletestapp-6b6449d794-7xmwd   11m          16Mi            
scaletestapp-6b6449d794-jg5x5   11m          18Mi            
scaletestapp-6b6449d794-l7fh7   11m          17Mi            
scaletestapp-6b6449d794-qlfrg   11m          17Mi            
scaletestapp-6b6449d794-x644f   11m          15Mi            
2026-10-04T16:31:33Z
NAME                  REFERENCE                 TARGETS            MINPODS   MAXPODS   REPLICAS   AGE
scaletestapp-memory   Deployment/scaletestapp   memory: 106%/80%   1         10        10         5m19s
NAME           READY   UP-TO-DATE   AVAILABLE   AGE
scaletestapp   10/10   10           10          17m
NAME                            CPU(cores)   MEMORY(bytes)   
scaletestapp-6b6449d794-4tg9b   11m          17Mi            
scaletestapp-6b6449d794-6wk47   11m          16Mi            
scaletestapp-6b6449d794-7xmwd   11m          16Mi            
scaletestapp-6b6449d794-jg5x5   11m          18Mi            
scaletestapp-6b6449d794-l7fh7   11m          17Mi            
scaletestapp-6b6449d794-qlfrg   11m          17Mi            
scaletestapp-6b6449d794-x644f   11m          15Mi            
2026-10-04T16:31:44Z
NAME                  REFERENCE                 TARGETS            MINPODS   MAXPODS   REPLICAS   AGE
scaletestapp-memory   Deployment/scaletestapp   memory: 106%/80%   1         10        10         5m30s
NAME           READY   UP-TO-DATE   AVAILABLE   AGE
scaletestapp   10/10   10           10          17m
NAME                            CPU(cores)   MEMORY(bytes)   
scaletestapp-6b6449d794-4tg9b   11m          17Mi            
scaletestapp-6b6449d794-6wk47   11m          16Mi            
scaletestapp-6b6449d794-7xmwd   11m          16Mi            
scaletestapp-6b6449d794-jg5x5   11m          18Mi            
scaletestapp-6b6449d794-l7fh7   11m          17Mi            
scaletestapp-6b6449d794-qlfrg   11m          17Mi            
scaletestapp-6b6449d794-x644f   11m          15Mi            
2026-10-04T16:31:54Z
NAME                  REFERENCE                 TARGETS            MINPODS   MAXPODS   REPLICAS   AGE
scaletestapp-memory   Deployment/scaletestapp   memory: 106%/80%   1         10        10         5m40s
NAME           READY   UP-TO-DATE   AVAILABLE   AGE
scaletestapp   10/10   10           10          17m
NAME                            CPU(cores)   MEMORY(bytes)   
scaletestapp-6b6449d794-4tg9b   11m          17Mi            
scaletestapp-6b6449d794-6wk47   11m          16Mi            
scaletestapp-6b6449d794-7xmwd   11m          16Mi            
scaletestapp-6b6449d794-jg5x5   11m          18Mi            
scaletestapp-6b6449d794-l7fh7   11m          17Mi            
scaletestapp-6b6449d794-qlfrg   11m          17Mi            
scaletestapp-6b6449d794-x644f   11m          15Mi            
2026-10-04T16:32:04Z
NAME                  REFERENCE                 TARGETS            MINPODS   MAXPODS   REPLICAS   AGE
scaletestapp-memory   Deployment/scaletestapp   memory: 106%/80%   1         10        10         5m50s
NAME           READY   UP-TO-DATE   AVAILABLE   AGE
scaletestapp   10/10   10           10          18m
NAME                            CPU(cores)   MEMORY(bytes)   
scaletestapp-6b6449d794-4tg9b   11m          17Mi            
scaletestapp-6b6449d794-6wk47   11m          16Mi            
scaletestapp-6b6449d794-7xmwd   11m          16Mi            
scaletestapp-6b6449d794-jg5x5   11m          18Mi            
scaletestapp-6b6449d794-l7fh7   11m          17Mi            
scaletestapp-6b6449d794-qlfrg   11m          17Mi            
scaletestapp-6b6449d794-x644f   11m          15Mi            
2026-10-04T16:32:14Z
NAME                  REFERENCE                 TARGETS            MINPODS   MAXPODS   REPLICAS   AGE
scaletestapp-memory   Deployment/scaletestapp   memory: 106%/80%   1         10        10         6m
NAME           READY   UP-TO-DATE   AVAILABLE   AGE
scaletestapp   10/10   10           10          18m
NAME                            CPU(cores)   MEMORY(bytes)   
scaletestapp-6b6449d794-4tg9b   2m           17Mi            
scaletestapp-6b6449d794-6wk47   2m           18Mi            
scaletestapp-6b6449d794-7xmwd   2m           17Mi            
scaletestapp-6b6449d794-b4cz2   2m           12Mi            
scaletestapp-6b6449d794-fp4tc   3m           14Mi            
scaletestapp-6b6449d794-jg5x5   2m           18Mi            
scaletestapp-6b6449d794-l7fh7   2m           17Mi            
scaletestapp-6b6449d794-qlfrg   2m           17Mi            
scaletestapp-6b6449d794-x644f   2m           16Mi            
scaletestapp-6b6449d794-x9n7m   3m           14Mi            
[2026-10-04 16:26:17,146] scaletestapp-load-s9nmg/INFO/locust.main: Starting Locust 2.46.6
[2026-10-04 16:26:17,146] scaletestapp-load-s9nmg/INFO/locust.main: Run time limit set to 300 seconds
[2026-10-04 16:26:17,147] scaletestapp-load-s9nmg/INFO/locust.runners: Ramping to 1000 users at a rate of 50.00 per second
[2026-10-04 16:26:36,174] scaletestapp-load-s9nmg/INFO/locust.runners: All users spawned: {"WebsiteUser": 1000} (1000 total users)
[2026-10-04 16:31:17,019] scaletestapp-load-s9nmg/INFO/locust.main: --run-time limit reached, shutting down
[2026-10-04 16:31:17,086] scaletestapp-load-s9nmg/INFO/locust.main: Shutting down (exit code 0)
Type     Name                                                                          # reqs      # fails |    Avg     Min     Max    Med |   req/s  failures/s
--------|----------------------------------------------------------------------------|-------|-------------|-------|-------|-------|-------|--------|-----------
GET      /                                                                              97501     0(0.00%) |      1       0      68      1 |  325.09        0.00
--------|----------------------------------------------------------------------------|-------|-------------|-------|-------|-------|-------|--------|-----------
         Aggregated                                                                     97501     0(0.00%) |      1       0      68      1 |  325.09        0.00

Response time percentiles (approximated)
Type     Name                                                                                  50%    66%    75%    80%    90%    95%    98%    99%  99.9% 99.99%   100% # reqs
--------|--------------------------------------------------------------------------------|--------|------|------|------|------|------|------|------|------|------|------|------
GET      /                                                                                       1      2      2      2      3      4      6     16     26     51     69  97501
--------|--------------------------------------------------------------------------------|--------|------|------|------|------|------|------|------|------|------|------|------
         Aggregated                                                                              1      2      2      2      3      4      6     16     26     51     69  97501

apiVersion: batch/v1
kind: Job
metadata:
  annotations:
    kubectl.kubernetes.io/last-applied-configuration: |
      {"apiVersion":"batch/v1","kind":"Job","metadata":{"annotations":{},"name":"scaletestapp-load","namespace":"sprint8"},"spec":{"backoffLimit":0,"template":{"metadata":{"labels":{"app":"scaletestapp-load"}},"spec":{"containers":[{"args":["-f","/tests/locustfile.py","--headless","--host=http://scaletestapp:8080","--users=1000","--spawn-rate=50","--run-time=5m","--only-summary"],"image":"locustio/locust:2.46.6","name":"locust","resources":{"limits":{"cpu":"1","memory":"512Mi"},"requests":{"cpu":"250m","memory":"128Mi"}},"volumeMounts":[{"mountPath":"/tests","name":"tests","readOnly":true}]}],"restartPolicy":"Never","volumes":[{"configMap":{"name":"scaletestapp-locust"},"name":"tests"}]}}}}
  creationTimestamp: "2026-10-04T16:26:14Z"
  generation: 1
  labels:
    app: scaletestapp-load
    batch.kubernetes.io/controller-uid: df3b3dd8-6a97-4b92-8eb6-8e2f655427b4
    batch.kubernetes.io/job-name: scaletestapp-load
    controller-uid: df3b3dd8-6a97-4b92-8eb6-8e2f655427b4
    job-name: scaletestapp-load
  name: scaletestapp-load
  namespace: sprint8
  resourceVersion: "2277"
  uid: df3b3dd8-6a97-4b92-8eb6-8e2f655427b4
spec:
  backoffLimit: 0
  completionMode: NonIndexed
  completions: 1
  manualSelector: false
  parallelism: 1
  podReplacementPolicy: TerminatingOrFailed
  selector:
    matchLabels:
      batch.kubernetes.io/controller-uid: df3b3dd8-6a97-4b92-8eb6-8e2f655427b4
  suspend: false
  template:
    metadata:
      labels:
        app: scaletestapp-load
        batch.kubernetes.io/controller-uid: df3b3dd8-6a97-4b92-8eb6-8e2f655427b4
        batch.kubernetes.io/job-name: scaletestapp-load
        controller-uid: df3b3dd8-6a97-4b92-8eb6-8e2f655427b4
        job-name: scaletestapp-load
    spec:
      containers:
      - args:
        - -f
        - /tests/locustfile.py
        - --headless
        - --host=http://scaletestapp:8080
        - --users=1000
        - --spawn-rate=50
        - --run-time=5m
        - --only-summary
        image: locustio/locust:2.46.6
        imagePullPolicy: IfNotPresent
        name: locust
        resources:
          limits:
            cpu: "1"
            memory: 512Mi
          requests:
            cpu: 250m
            memory: 128Mi
        terminationMessagePath: /dev/termination-log
        terminationMessagePolicy: File
        volumeMounts:
        - mountPath: /tests
          name: tests
          readOnly: true
      dnsPolicy: ClusterFirst
      restartPolicy: Never
      schedulerName: default-scheduler
      securityContext: {}
      terminationGracePeriodSeconds: 30
      volumes:
      - configMap:
          defaultMode: 420
          name: scaletestapp-locust
        name: tests
status:
  completionTime: "2026-10-04T16:31:20Z"
  conditions:
  - lastProbeTime: "2026-10-04T16:31:20Z"
    lastTransitionTime: "2026-10-04T16:31:20Z"
    message: Reached expected number of succeeded pods
    reason: CompletionsReached
    status: "True"
    type: SuccessCriteriaMet
  - lastProbeTime: "2026-10-04T16:31:20Z"
    lastTransitionTime: "2026-10-04T16:31:20Z"
    message: Reached expected number of succeeded pods
    reason: CompletionsReached
    status: "True"
    type: Complete
  ready: 0
  startTime: "2026-10-04T16:26:14Z"
  succeeded: 1
  terminating: 0
  uncountedTerminatedPods: {}
Name:                                                     scaletestapp-memory
Namespace:                                                sprint8
Labels:                                                   <none>
Annotations:                                              <none>
CreationTimestamp:                                        Sun, 04 Oct 2026 19:26:14 +0300
Reference:                                                Deployment/scaletestapp
Metrics:                                                  ( current / target )
  resource memory on pods  (as a percentage of request):  103% (17314201600m) / 80%
Min replicas:                                             1
Max replicas:                                             10
Behavior:
  Scale Up:
    Stabilization Window: 0 seconds
    Select Policy: Max
    Policies:
      - Type: Pods     Value: 4    Period: 15 seconds
      - Type: Percent  Value: 100  Period: 15 seconds
  Scale Down:
    Stabilization Window: 60 seconds
    Select Policy: Max
    Policies:
      - Type: Percent  Value: 100  Period: 15 seconds
Deployment pods:       10 current / 10 desired
Conditions:
  Type            Status  Reason            Message
  ----            ------  ------            -------
  AbleToScale     True    ReadyForNewScale  recommended size matches current size
  ScalingActive   True    ValidMetricFound  the HPA was able to successfully calculate a replica count from memory resource utilization (percentage of request)
  ScalingLimited  True    TooManyReplicas   the desired replica count is more than the maximum replica count
Events:
  Type    Reason             Age    From                       Message
  ----    ------             ----   ----                       -------
  Normal  SuccessfulRescale  5m11s  horizontal-pod-autoscaler  New size: 2; reason: memory resource utilization (percentage of request) above target
  Normal  SuccessfulRescale  4m11s  horizontal-pod-autoscaler  New size: 3; reason: memory resource utilization (percentage of request) above target
  Normal  SuccessfulRescale  3m11s  horizontal-pod-autoscaler  New size: 5; reason: memory resource utilization (percentage of request) above target
  Normal  SuccessfulRescale  2m11s  horizontal-pod-autoscaler  New size: 7; reason: memory resource utilization (percentage of request) above target
  Normal  SuccessfulRescale  71s    horizontal-pod-autoscaler  New size: 10; reason: memory resource utilization (percentage of request) above target
NAME                            READY   STATUS    RESTARTS   AGE     IP            NODE            NOMINATED NODE   READINESS GATES
scaletestapp-6b6449d794-4tg9b   1/1     Running   0          5m11s   10.244.0.21   sprint8-check   <none>           <none>
scaletestapp-6b6449d794-6wk47   1/1     Running   0          3m11s   10.244.0.23   sprint8-check   <none>           <none>
scaletestapp-6b6449d794-7xmwd   1/1     Running   0          4m11s   10.244.0.22   sprint8-check   <none>           <none>
scaletestapp-6b6449d794-b4cz2   1/1     Running   0          71s     10.244.0.29   sprint8-check   <none>           <none>
scaletestapp-6b6449d794-fp4tc   1/1     Running   0          71s     10.244.0.28   sprint8-check   <none>           <none>
scaletestapp-6b6449d794-jg5x5   1/1     Running   0          2m11s   10.244.0.26   sprint8-check   <none>           <none>
scaletestapp-6b6449d794-l7fh7   1/1     Running   0          6m48s   10.244.0.19   sprint8-check   <none>           <none>
scaletestapp-6b6449d794-qlfrg   1/1     Running   0          3m11s   10.244.0.24   sprint8-check   <none>           <none>
scaletestapp-6b6449d794-x644f   1/1     Running   0          2m11s   10.244.0.25   sprint8-check   <none>           <none>
scaletestapp-6b6449d794-x9n7m   1/1     Running   0          71s     10.244.0.27   sprint8-check   <none>           <none>
scaletestapp-6b6449d794-4tg9b docker-pullable://ghcr.io/yandex-practicum/scaletestapp@sha256:7273dd1ffd1c1a29a307eb299b949f71828952b90dee42a5b26b052e92793452 restarts=0
scaletestapp-6b6449d794-6wk47 docker-pullable://ghcr.io/yandex-practicum/scaletestapp@sha256:7273dd1ffd1c1a29a307eb299b949f71828952b90dee42a5b26b052e92793452 restarts=0
scaletestapp-6b6449d794-7xmwd docker-pullable://ghcr.io/yandex-practicum/scaletestapp@sha256:7273dd1ffd1c1a29a307eb299b949f71828952b90dee42a5b26b052e92793452 restarts=0
scaletestapp-6b6449d794-b4cz2 docker-pullable://ghcr.io/yandex-practicum/scaletestapp@sha256:7273dd1ffd1c1a29a307eb299b949f71828952b90dee42a5b26b052e92793452 restarts=0
scaletestapp-6b6449d794-fp4tc docker-pullable://ghcr.io/yandex-practicum/scaletestapp@sha256:7273dd1ffd1c1a29a307eb299b949f71828952b90dee42a5b26b052e92793452 restarts=0
scaletestapp-6b6449d794-jg5x5 docker-pullable://ghcr.io/yandex-practicum/scaletestapp@sha256:7273dd1ffd1c1a29a307eb299b949f71828952b90dee42a5b26b052e92793452 restarts=0
scaletestapp-6b6449d794-l7fh7 docker-pullable://ghcr.io/yandex-practicum/scaletestapp@sha256:7273dd1ffd1c1a29a307eb299b949f71828952b90dee42a5b26b052e92793452 restarts=0
scaletestapp-6b6449d794-qlfrg docker-pullable://ghcr.io/yandex-practicum/scaletestapp@sha256:7273dd1ffd1c1a29a307eb299b949f71828952b90dee42a5b26b052e92793452 restarts=0
scaletestapp-6b6449d794-x644f docker-pullable://ghcr.io/yandex-practicum/scaletestapp@sha256:7273dd1ffd1c1a29a307eb299b949f71828952b90dee42a5b26b052e92793452 restarts=0
scaletestapp-6b6449d794-x9n7m docker-pullable://ghcr.io/yandex-practicum/scaletestapp@sha256:7273dd1ffd1c1a29a307eb299b949f71828952b90dee42a5b26b052e92793452 restarts=0
LAST SEEN   TYPE     REASON              OBJECT                                        MESSAGE
7m4s        Normal   SuccessfulRescale   horizontalpodautoscaler/scaletestapp-memory   New size: 2; reason: memory resource utilization (percentage of request) above target
5m11s       Normal   SuccessfulRescale   horizontalpodautoscaler/scaletestapp-memory   New size: 2; reason: memory resource utilization (percentage of request) above target
4m11s       Normal   SuccessfulRescale   horizontalpodautoscaler/scaletestapp-memory   New size: 3; reason: memory resource utilization (percentage of request) above target
3m11s       Normal   SuccessfulRescale   horizontalpodautoscaler/scaletestapp-memory   New size: 5; reason: memory resource utilization (percentage of request) above target
2m11s       Normal   SuccessfulRescale   horizontalpodautoscaler/scaletestapp-memory   New size: 7; reason: memory resource utilization (percentage of request) above target
71s         Normal   SuccessfulRescale   horizontalpodautoscaler/scaletestapp-memory   New size: 10; reason: memory resource utilization (percentage of request) above target
job.batch/scaletestapp-load condition met

Finished UTC: 20261004T163225Z
